0.7000000000000007 1.3000000000000003 1.044353377844
0.7000000000000007 1.3000000000000003 1.0218545299309998
0.7000000000000007 1.3000000000000003 1.185227135742
0.7000000000000007 1.3000000000000003 1.19108807736
0.7000000000000007 1.3000000000000003 1.033953102611
0.7000000000000007 1.3000000000000003 0.936813141482
0.7000000000000007 1.3000000000000003 0.9271406322190001
0.7000000000000007 1.3000000000000003 1.0155567292060002
0.7000000000000007 1.3000000000000003 1.1023455900510002
0.7000000000000007 1.3000000000000003 1.10352148069
