Lower boundary of RC window; Upper boundary; RC value
