0.7000000000000007 1.3000000000000003 1.016471772288
0.7000000000000007 1.3000000000000003 0.98965607166
0.7000000000000007 1.3000000000000003 1.024488771468
0.7000000000000007 1.3000000000000003 1.095836715776
0.7000000000000007 1.3000000000000003 1.10054893114
0.7000000000000007 1.3000000000000003 1.016471772288
0.7000000000000007 1.3000000000000003 0.98965607166
0.7000000000000007 1.3000000000000003 1.024488771468
0.7000000000000007 1.3000000000000003 1.095836715776
0.7000000000000007 1.3000000000000003 1.10054893114
0.7000000000000007 1.3000000000000003 1.120971909428
